PASS 20260711_local_bootstrap_posts_table_precursor_v1.sql
PASS 20260712_auth_profiles_posts_rls.sql
PASS 20260713_live_streaming_v1_foundation.sql
PASS 20260713_messenger_v1_foundation.sql
PASS 20260713_profiles_foundation_v1.sql
PASS 20260713_social_interactions_v1.sql
PASS 20260713_video_posts_v1.sql
FAIL 20260714_live_media_v2_host_stage_fix.sql exit=3
CREATE FUNCTION
REVOKE
GRANT
CREATE FUNCTION
REVOKE
GRANT
psql:<stdin>:231: ERROR:  column p.stage_status does not exist
LINE 16:     p.stage_status is distinct from 'on_stage'
             ^
-----
PASS 20260714_live_media_v2_multi_guest.sql
PASS 20260714_live_streaming_v2_realtime.sql
PASS 20260714_live_streaming_v3_realtime_hardening.sql
PASS 20260715_notifications_v1.sql
PASS 20260716_notifications_v2.sql
PASS 20260717_notifications_v2_automation.sql
PASS 20260718_notifications_v2_event_wiring.sql
PASS 20260719_wallet_balance_realtime.sql
PASS 20260720_activity_tiers_foundation.sql
PASS 20260721_activity_tiers_event_wiring.sql
PASS 20260722_referral_rewards_v1.sql
PASS 20260723_um_points_award_security.sql
PASS 20260724_profile_follow_integrity.sql
PASS 20260725_profile_content_stats.sql
PASS 20260726_referral_claim_reliability.sql
PASS 20260727_live_stale_participant_prune.sql
PASS 20260728_complete_referral_signup_client_revoke.sql
PASS 20260728_store_product_foundation_v1.sql
PASS 20260729_messenger_production_phase2.sql
PASS 20260729_store_cart_foundation_v1.sql
PASS 20260730_media_pipeline_v1.sql
PASS 20260731_recommendation_infrastructure_v1.sql
PASS 20260801_video_commerce_shelf_v1.sql
PASS 20260802_store_marketplace_foundation_v1.sql
PASS 20260803_stories_foundation_v1.sql
PASS 20260804_global_search_foundation_v1.sql
PASS 20260805_push_tokens_foundation_v1.sql
FAIL 20260806_ads_admin_review_foundation_v1.sql exit=3
CREATE FUNCTION
REVOKE
GRANT
CREATE FUNCTION
CREATE FUNCTION
CREATE FUNCTION
CREATE FUNCTION
CREATE FUNCTION
CREATE FUNCTION
CREATE FUNCTION
psql:<stdin>:440: ERROR:  relation "public.ad_campaigns" does not exist
CONTEXT:  compilation of PL/pgSQL function "admin_approve_ad_campaign" near line 4
-----
PASS 20260807_ads_platform_foundation_v1.sql
PASS 20260808_live_started_insert_notification_fix.sql
PASS 20260809_store_admin_moderation_foundation_v1.sql
PASS 20260810_store_seller_self_service_v1.sql
PASS 20260811_store_orders_foundation_v1.sql
PASS 20260812_store_checkout_foundation_v1.sql
PASS 20260813_store_order_management_v1.sql
PASS 20260814_store_checkout_payments_foundation_v1.sql
PASS 20260815_store_promotions_fulfillment_foundation_v1.sql
PASS 20260816_store_admin_ui_foundation_v1.sql
PASS 20260817_store_analytics_finance_foundation_v1.sql
PASS 20260818_store_hardening_v1.sql
PASS 20260819_store_commerce_safety_inventory_reservation_v1.sql
PASS 20260820_store_commerce_safety_integrity_fix_b1.sql
PASS 20260821_store_checkout_shipping_fee_ambiguous_code_fix.sql
PASS 20260822_ueos_foundation_v1.sql
PASS 20260823_store_payment_outcome_sync_v1.sql
PASS 20260824_store_merchant_settlement_foundation_v1.sql
PASS 20260825_world_discovery_hello_city_foundation_v1.sql
PASS 20260826_world_discovery_domain_phase2.sql
PASS 20260827_world_discovery_security_hardening_v1.sql
PASS 20260828_learning_spaces_membership_foundation_v1.sql
PASS 20260829_learning_programs_foundation_v1.sql
PASS 20260830_learning_courses_foundation_v1.sql
PASS 20260831_learning_sections_foundation_v1.sql
PASS 20260832_learning_lessons_foundation_v1.sql
PASS 20260833_learning_activities_foundation_v1.sql
PASS 20260834_learning_enrollments_foundation_v1.sql
PASS 20260835_learning_progress_foundation_v1.sql
PASS 20260836_learning_lesson_content_blocks_foundation_v1.sql
PASS 20260837_learning_questions_foundation_v1.sql
PASS 20260838_learning_attempts_foundation_v1.sql
PASS 20260839_learning_scoring_foundation_v1.sql
PASS 20260840_learning_read_model_hardening_v1.sql
PASS 20260841_learning_learner_result_delivery_v1.sql
PASS 20260842_ads_deliverable_binding_database_authority_v1.sql
PASS 20260844_learning_result_policy_completion_v1.sql
PASS 20260845_learning_progress_mutations_v1.sql
PASS 20260846_games_platform_foundation_v1.sql
PASS 20260847_games_catalog_foundation_v1.sql
PASS 20260848_learning_assessment_delivery_minimal_v1.sql
PASS 20260849_learning_assessment_attempt_foundation_v1.sql
PASS 20260850_learning_assessment_answer_persistence_v1.sql
PASS 20260851_learning_assessment_submission_foundation_v1.sql
PASS 20260852_learning_assessment_objective_grading_foundation_v1.sql
PASS 20260853_learning_assessment_manual_review_foundation_v1.sql
PASS 20260854_learning_assessment_progress_integration_v1.sql
PASS 20260855_learning_completion_foundation_v1.sql
PASS 20260856_learning_instructor_experience_foundation_v1.sql
PASS 20260857_learning_assignments_coursework_foundation_v1.sql
PASS 20260858_learning_discussions_community_foundation_v1.sql
PASS 20260859_learning_live_calendar_foundation_v1.sql
PASS 20260860_learning_beta_readiness_auth_alignment_v1.sql
PASS 20260861_learning_instructor_course_tree_read_v1.sql
PASS 20260862_learning_instructor_lesson_blocks_read_v1.sql
PASS 20260863_learning_first_course_readiness_v1.sql
PASS 20260864_learning_project_instructor_review_v1.sql
PASS 20260865_articles_teaser_foundation_v1.sql
PASS 20260866_learning_public_course_preview_foundation_v1.sql
PASS 20260867_article_auto_teaser_video_v1.sql
PASS 20260868_unified_content_foundation_v1.sql
PASS 20260869_store_marketplace_supplier_seller_foundation_v1.sql
PASS 20260870_store_marketplace_listing_checkout_alignment_v1.sql
PASS 20260871_ai_core_platform_foundation_v1.sql
PASS 20260872_account_deletion_requests_v1.sql
PASS 20260876_knowledge_acquisition_foundation_v1.sql
PASS 20260877_ai_data_platform_foundation_v1.sql
PASS 20260878_ai_data_platform_workflow_approval_v1.sql
PASS 20260879_private_ai_foundation_v1.sql
PASS 20260880_private_ai_workflow_lifecycle_v1.sql
PASS 20260902_translation_intelligence_foundation_v1.sql
PASS 20260910_translation_studio_persistence_workflow_v1.sql
PASS 20260911_translation_studio_stable_identity_schema_v1.sql
PASS 20260912_translation_studio_write_rpc_v1.sql
PASS 20260913_translation_studio_read_snapshot_rpc_v1.sql
PASS 20260914_translation_studio_memory_identity_contract_align_v1.sql
PASS 20260928_ugc_safety_reports_blocks_v1.sql
PASS 20260930_learning_public_catalog_self_enroll_v1.sql
PASS 20260932_social_sound_library_v1.sql
PASS 20260933_rewards_referral_launch_v1.sql
PASS 20260934_learning_teacher_student_platform_v1.sql
PASS 20260935_rich_personal_profile_foundation_v1.sql
PASS 20260936_communications_identity_discovery_v1.sql
